f
  b
  a
  (e)
g
  c
  d
  b
m
  (k)
h
  d
  c
  a
k
  a
